// Jest Snapshot v1, https://goo.gl/fbAQLP

exports[`PostDetail component test suite it should match snapshot 1`] = `ShallowWrapper {}`;
