// Jest Snapshot v1, https://goo.gl/fbAQLP

exports[`PostView component test suite it should match snapshot 1`] = `ShallowWrapper {}`;
