// Jest Snapshot v1, https://goo.gl/fbAQLP

exports[`PostList component test suite it should match snapshot 1`] = `ShallowWrapper {}`;
